Command line:
   decoder3to8_tb_isim_beh.exe
     -simmode  gui
     -simrunnum  0
     -socket  53566

Fri Aug 09 10:27:54 2019


 Elaboration Time: 0.453125 sec

 Current Memory Usage: 5350.74 Meg

 Total Signals          : 15
 Total Nets             : 24
 Total Signal Drivers   : 7
 Total Blocks           : 3
 Total Primitive Blocks : 2
 Total Processes        : 10
 Total Traceable Variables  : 20
 Total Scalar Nets and Variables : 115
Total Line Count : 36

 Total Simulation Time: 0.46875 sec

 Current Memory Usage: 4878.88 Meg

Fri Aug 09 16:50:18 2019

